GNU Tool Chain  

Linker command line:

--edf=C:\Program Files (x86)\CCompiler\Compiler\data\dat\en_msgs.txt -cs \
  -h+powerbank.sym --cmf=powerbank.cmf -z -QFT61F14X \
  -oC:\Users\user\AppData\Local\Temp\s9jg.2 -Mpowerbank.map -E1 -ver=XC8 \
  -ASTACK=0206Ah-021efh -pstack=STACK -ACODE=00h-07FFhx2 \
  -ASTRCODE=00h-0FFFh -ASTRING=00h-0FFhx16 -ACONST=00h-0FFhx16 \
  -AENTRY=00h-0FFhx16 -ACOMMON=070h-07Fh -ABANK0=020h-06Fh \
  -ABANK1=0A0h-0EFh -ABANK2=0120h-016Fh -ABANK3=01A0h-01EFh \
  -ABANK4=0220h-026Fh -ABANK5=02A0h-02EFh -ABANK6=0320h-032Fh \
  -ABIGRAM=02000h-021EFh \
  -ARAM=020h-06Fh,0A0h-0EFh,0120h-016Fh,01A0h-01EFh,0220h-026Fh,02A0h-02EFh,0320h-032Fh \
  -AABS1=020h-07Fh,0A0h-0EFh,0120h-016Fh,01A0h-01EFh,0220h-026Fh,02A0h-02EFh,0320h-032Fh \
  -ASFR0=00h-01Fh -ASFR1=080h-09Fh -ASFR2=0100h-011Fh -ASFR3=0180h-019Fh \
  -ASFR4=0200h-021Fh -ASFR5=0280h-029Fh -ASFR6=0300h-031Fh \
  -ASFR7=0380h-03EFh -ASFR8=0400h-046Fh -ASFR9=0480h-04EFh \
  -ASFR10=0500h-056Fh -ASFR11=0580h-05EFh -ASFR12=0600h-066Fh \
  -ASFR13=0680h-06EFh -ASFR14=0700h-076Fh -ASFR15=0780h-07EFh \
  -ASFR16=0800h-086Fh -ASFR17=0880h-08EFh -ASFR18=0900h-096Fh \
  -ASFR19=0980h-09EFh -ASFR20=0A00h-0A6Fh -ASFR21=0A80h-0AEFh \
  -ASFR22=0B00h-0B6Fh -ASFR23=0B80h-0BEFh -ASFR24=0C00h-0C6Fh \
  -ASFR25=0C80h-0CEFh -ASFR26=0D00h-0D6Fh -ASFR27=0D80h-0DEFh \
  -ASFR28=0E00h-0E6Fh -ASFR29=0E80h-0EEFh -ASFR30=0F00h-0F6Fh \
  -ASFR31=0F80h-0FEFh -preset_vec=00h,intentry=04h,init,end_init \
  -ppowerup=CODE -pcinit=CODE -pfunctab=ENTRY -ACONFIG=08007h-08008h \
  -pconfig=CONFIG -DCONFIG=2 -AIDLOC=08000h-08003h -pidloc=IDLOC -DIDLOC=2 \
  -AEEDATA=00h-07Fh/0F000h -peeprom_data=EEDATA -DEEDATA=2 -DCODE=2 \
  -DSTRCODE=2 -DSTRING=2 -DCONST=2 -DENTRY=2 -k \
  C:\Users\user\AppData\Local\Temp\s9jg.obj powerbank.obj 

Object code version is 3.11

Machine type is FT61F14X



                Name                               Link     Load   Length Selector   Space Scale
C:\Users\user\AppData\Local\Temp\s9jg.obj
                end_init                             1B       1B        2        8       0
                reset_vec                             0        0        2        0       0
powerbank.obj   cinit                                1D       1D      3A6        8       0
                intentry                              4        4       17        8       0
                cstackCOMMON                         70       70        D       70       1
                clrtext                             3CF      3CF        6      79E       0
                bssBANK1                             A0       A0       14       A0       1
                bssBANK0                             2A       2A       43       20       1
                bitbssBANK0                         100       20       49       20       1     8
                bitbssCOMMON                        3E8       7D        7       70       1     8
                nvBANK1                              B4       B4        6       A0       1
                bitnvBANK0                          368       6D        4       20       1     8
                nvBANK0                              6E       6E        1       20       1
                stringtext1                         3C3      3C3        C      786       0

TOTAL           Name                               Link     Load   Length     Space
        CLASS   STACK          

        CLASS   CODE           
                end_init                             1B       1B        2         0
                cinit                                1D       1D      3A6         0
                intentry                              4        4       17         0
                reset_vec                             0        0        2         0
                clrtext                             3CF      3CF        6         0

        CLASS   STRCODE        
                stringtext1                         3C3      3C3        C         0

        CLASS   STRING         

        CLASS   CONST          

        CLASS   ENTRY          

        CLASS   COMMON         
                cstackCOMMON                         70       70        D         1
                bitbssCOMMON                        3E8       7D        7         1

        CLASS   BANK0          
                bssBANK0                             2A       2A       43         1
                bitbssBANK0                         100       20       49         1
                bitnvBANK0                          368       6D        4         1
                nvBANK0                              6E       6E        1         1

        CLASS   BANK1          
                bssBANK1                             A0       A0       14         1
                nvBANK1                              B4       B4        6         1

        CLASS   BANK2          

        CLASS   BANK3          

        CLASS   BANK4          

        CLASS   BANK5          

        CLASS   BANK6          

        CLASS   BIGRAM         

        CLASS   RAM            

        CLASS   ABS1           
                abs_s1                               7E       7E        2         1

        CLASS   SFR0           

        CLASS   SFR1           

        CLASS   SFR2           

        CLASS   SFR3           

        CLASS   SFR4           

        CLASS   SFR5           

        CLASS   SFR6           

        CLASS   SFR7           

        CLASS   SFR8           

        CLASS   SFR9           

        CLASS   SFR10          

        CLASS   SFR11          

        CLASS   SFR12          

        CLASS   SFR13          

        CLASS   SFR14          

        CLASS   SFR15          

        CLASS   SFR16          

        CLASS   SFR17          

        CLASS   SFR18          

        CLASS   SFR19          

        CLASS   SFR20          

        CLASS   SFR21          

        CLASS   SFR22          

        CLASS   SFR23          

        CLASS   SFR24          

        CLASS   SFR25          

        CLASS   SFR26          

        CLASS   SFR27          

        CLASS   SFR28          

        CLASS   SFR29          

        CLASS   SFR30          

        CLASS   SFR31          

        CLASS   CONFIG         

        CLASS   IDLOC          

        CLASS   EEDATA         

        CLASS   BANK31         

        CLASS   BANK30         

        CLASS   BANK29         

        CLASS   BANK28         

        CLASS   BANK27         

        CLASS   BANK26         

        CLASS   BANK25         

        CLASS   BANK24         

        CLASS   BANK23         

        CLASS   BANK22         

        CLASS   BANK21         

        CLASS   BANK20         

        CLASS   BANK19         

        CLASS   BANK18         

        CLASS   BANK17         

        CLASS   BANK16         

        CLASS   BANK15         

        CLASS   BANK14         

        CLASS   BANK13         

        CLASS   BANK12         

        CLASS   BANK11         

        CLASS   BANK10         

        CLASS   BANK9          

        CLASS   BANK8          

        CLASS   BANK7          



SEGMENTS        Name                           Load    Length   Top    Selector   Space  Class     Delta

                reset_vec                      000000  000002  000002         0       0  CODE        2
                intentry                       000004  0003BF  0003C3         8       0  CODE        2
                bitbssBANK0                    000020  00004F  00006F        20       1  BANK0       1
                cstackCOMMON                   000070  00000E  00007E        70       1  COMMON      1
                bssBANK1                       0000A0  00001A  0000BA        A0       1  BANK1       1
                stringtext1                    0003C3  00000C  0003CF       786       0  STRCODE     2
                clrtext                        0003CF  000006  0003D5       79E       0  CODE        2


UNUSED ADDRESS RANGES

        Name                Unused          Largest block    Delta
        BANK0            006F-006F              1           1
        BANK1            00BA-00EF             36           1
        BANK2            0120-016F             50           1
        BANK3            01A0-01EF             50           1
        BANK4            0220-026F             50           1
        BANK5            02A0-02EF             50           1
        BANK6            0320-032F             10           1
        BIGRAM           2000-21EF            1F0           1
        CODE             0002-0003              2           2
                         03D5-0FFF            42B
        CONFIG           8007-8008              2           2
        CONST            0002-0003              2           2
                         03D5-0FFF            100
        EEDATA           F000-F07F             80           2
        ENTRY            0002-0003              2           2
                         03D5-0FFF            100
        IDLOC            8000-8003              4           2
        RAM              006F-006F              1           1
                         00BA-00EF             36
                         0120-016F             50
                         01A0-01EF             50
                         0220-026F             50
                         02A0-02EF             50
                         0320-032F             10
        SFR0             0000-001F             20           1
        SFR1             0080-009F             20           1
        SFR10            0500-056F             70           1
        SFR11            0580-05EF             70           1
        SFR12            0600-066F             70           1
        SFR13            0680-06EF             70           1
        SFR14            0700-076F             70           1
        SFR15            0780-07EF             70           1
        SFR16            0800-086F             70           1
        SFR17            0880-08EF             70           1
        SFR18            0900-096F             70           1
        SFR19            0980-09EF             70           1
        SFR2             0100-011F             20           1
        SFR20            0A00-0A6F             70           1
        SFR21            0A80-0AEF             70           1
        SFR22            0B00-0B6F             70           1
        SFR23            0B80-0BEF             70           1
        SFR24            0C00-0C6F             70           1
        SFR25            0C80-0CEF             70           1
        SFR26            0D00-0D6F             70           1
        SFR27            0D80-0DEF             70           1
        SFR28            0E00-0E6F             70           1
        SFR29            0E80-0EEF             70           1
        SFR3             0180-019F             20           1
        SFR30            0F00-0F6F             70           1
        SFR31            0F80-0FEF             70           1
        SFR4             0200-021F             20           1
        SFR5             0280-029F             20           1
        SFR6             0300-031F             20           1
        SFR7             0380-03EF             70           1
        SFR8             0400-046F             70           1
        SFR9             0480-04EF             70           1
        STACK            206A-21EF            186           1
        STRCODE          0002-0003              2           2
                         03D5-0FFF            C2B
        STRING           0002-0003              2           2
                         03D5-0FFF            100

                                  Symbol Table

PL10                             cinit        03AF
PL12                             cinit        03B5
PL14                             cinit        03BA
PL16                             cinit        03BE
PL2                              cinit        038A
PL4                              cinit        039B
PL6                              cinit        03A3
PL8                              cinit        03A9
_DispTable                       stringtext1  03C3
_EPIF0                           (abs)        0014
_GIE                             (abs)        005F
_INTCON                          (abs)        000B
_ISR                             intentry     0004
_OSCCON                          (abs)        0099
_PA4                             (abs)        0064
_PA7                             (abs)        0067
_PB7                             (abs)        006F
_PC1                             (abs)        0071
_PCKEN                           (abs)        009A
_PORTA                           (abs)        000C
_PORTB                           (abs)        000D
_PORTC                           (abs)        000E
_PSINK0                          (abs)        019A
_PSINK1                          (abs)        019B
_PSINK2                          (abs)        019C
_PSRC0                           (abs)        011A
_PSRC1                           (abs)        011B
_T4UIF                           (abs)        0898
_TIM4ARR                         (abs)        0117
_TIM4CNTR                        (abs)        0115
_TIM4CR1                         (abs)        0111
_TIM4EGR                         (abs)        0114
_TIM4IER                         (abs)        0112
_TIM4PSCR                        (abs)        0116
_TIM4SR                          (abs)        0113
_TRISA                           (abs)        008C
_TRISA4                          (abs)        0464
_TRISA7                          (abs)        0467
_TRISB                           (abs)        008D
_TRISB7                          (abs)        046F
_TRISC                           (abs)        008E
_TRISC1                          (abs)        0471
_WPDA                            (abs)        020C
_WPDB                            (abs)        020D
_WPDC                            (abs)        020E
_WPUA                            (abs)        018C
_WPUB                            (abs)        018D
_WPUC                            (abs)        018E
__Habs1                          abs1         0000
__Hbank0                         bank0        0000
__Hbank1                         bank1        0000
__Hbank10                        bank10       0000
__Hbank11                        bank11       0000
__Hbank12                        bank12       0000
__Hbank13                        bank13       0000
__Hbank14                        bank14       0000
__Hbank15                        bank15       0000
__Hbank16                        bank16       0000
__Hbank17                        bank17       0000
__Hbank18                        bank18       0000
__Hbank19                        bank19       0000
__Hbank2                         bank2        0000
__Hbank20                        bank20       0000
__Hbank21                        bank21       0000
__Hbank22                        bank22       0000
__Hbank23                        bank23       0000
__Hbank24                        bank24       0000
__Hbank25                        bank25       0000
__Hbank26                        bank26       0000
__Hbank27                        bank27       0000
__Hbank28                        bank28       0000
__Hbank29                        bank29       0000
__Hbank3                         bank3        0000
__Hbank30                        bank30       0000
__Hbank31                        bank31       0000
__Hbank4                         bank4        0000
__Hbank5                         bank5        0000
__Hbank6                         bank6        0000
__Hbank7                         bank7        0000
__Hbank8                         bank8        0000
__Hbank9                         bank9        0000
__Hbigram                        bigram       0000
__HbitbssBANK0                   bitbssBANK0  0000
__HbitbssCOMMON                  bitbssCOMMON 0000
__HbitnvBANK0                    bitnvBANK0   0000
__HbssBANK0                      bssBANK0     0000
__HbssBANK1                      bssBANK1     0000
__Hcinit                         cinit        03C3
__Hclrtext                       clrtext      0000
__Hcode                          code         0000
__Hcommon                        common       0000
__Hconfig                        config       0000
__HcstackCOMMON                  cstackCOMMON 0000
__Heeprom_data                   eeprom_data  0000
__Hend_init                      end_init     001D
__Hfunctab                       functab      0000
__Hidloc                         idloc        0000
__Hinit                          init         001B
__Hintentry                      intentry     001B
__Hmaintext                      maintext     0000
__HnvBANK0                       nvBANK0      0000
__HnvBANK1                       nvBANK1      0000
__Hpa_nodes0                     pa_nodes0    0000
__Hpowerup                       powerup      0000
__Hram                           ram          0000
__Hreset_vec                     reset_vec    0002
__Hsfr0                          sfr0         0000
__Hsfr1                          sfr1         0000
__Hsfr10                         sfr10        0000
__Hsfr11                         sfr11        0000
__Hsfr12                         sfr12        0000
__Hsfr13                         sfr13        0000
__Hsfr14                         sfr14        0000
__Hsfr15                         sfr15        0000
__Hsfr16                         sfr16        0000
__Hsfr17                         sfr17        0000
__Hsfr18                         sfr18        0000
__Hsfr19                         sfr19        0000
__Hsfr2                          sfr2         0000
__Hsfr20                         sfr20        0000
__Hsfr21                         sfr21        0000
__Hsfr22                         sfr22        0000
__Hsfr23                         sfr23        0000
__Hsfr24                         sfr24        0000
__Hsfr25                         sfr25        0000
__Hsfr26                         sfr26        0000
__Hsfr27                         sfr27        0000
__Hsfr28                         sfr28        0000
__Hsfr29                         sfr29        0000
__Hsfr3                          sfr3         0000
__Hsfr30                         sfr30        0000
__Hsfr31                         sfr31        0000
__Hsfr4                          sfr4         0000
__Hsfr5                          sfr5         0000
__Hsfr6                          sfr6         0000
__Hsfr7                          sfr7         0000
__Hsfr8                          sfr8         0000
__Hsfr9                          sfr9         0000
__Hspace_0                       (abs)        03D5
__Hspace_1                       (abs)        03EF
__Hspace_2                       (abs)        0000
__Hspace_3                       (abs)        0000
__Hstack                         stack        0000
__Hstrings                       strings      0000
__Hstringtext1                   stringtext1  0000
__Htext                          text         0000
__Labs1                          abs1         0000
__Lbank0                         bank0        0000
__Lbank1                         bank1        0000
__Lbank10                        bank10       0000
__Lbank11                        bank11       0000
__Lbank12                        bank12       0000
__Lbank13                        bank13       0000
__Lbank14                        bank14       0000
__Lbank15                        bank15       0000
__Lbank16                        bank16       0000
__Lbank17                        bank17       0000
__Lbank18                        bank18       0000
__Lbank19                        bank19       0000
__Lbank2                         bank2        0000
__Lbank20                        bank20       0000
__Lbank21                        bank21       0000
__Lbank22                        bank22       0000
__Lbank23                        bank23       0000
__Lbank24                        bank24       0000
__Lbank25                        bank25       0000
__Lbank26                        bank26       0000
__Lbank27                        bank27       0000
__Lbank28                        bank28       0000
__Lbank29                        bank29       0000
__Lbank3                         bank3        0000
__Lbank30                        bank30       0000
__Lbank31                        bank31       0000
__Lbank4                         bank4        0000
__Lbank5                         bank5        0000
__Lbank6                         bank6        0000
__Lbank7                         bank7        0000
__Lbank8                         bank8        0000
__Lbank9                         bank9        0000
__Lbigram                        bigram       0000
__LbitbssBANK0                   bitbssBANK0  0000
__LbitbssCOMMON                  bitbssCOMMON 0000
__LbitnvBANK0                    bitnvBANK0   0000
__LbssBANK0                      bssBANK0     0000
__LbssBANK1                      bssBANK1     0000
__Lcinit                         cinit        001D
__Lclrtext                       clrtext      0000
__Lcode                          code         0000
__Lcommon                        common       0000
__Lconfig                        config       0000
__LcstackCOMMON                  cstackCOMMON 0000
__Leeprom_data                   eeprom_data  0000
__Lend_init                      end_init     001B
__Lfunctab                       functab      0000
__Lidloc                         idloc        0000
__Linit                          init         001B
__Lintentry                      intentry     0004
__Lmaintext                      maintext     0000
__LnvBANK0                       nvBANK0      0000
__LnvBANK1                       nvBANK1      0000
__Lpa_nodes0                     pa_nodes0    0000
__Lpowerup                       powerup      0000
__Lram                           ram          0000
__Lreset_vec                     reset_vec    0000
__Lsfr0                          sfr0         0000
__Lsfr1                          sfr1         0000
__Lsfr10                         sfr10        0000
__Lsfr11                         sfr11        0000
__Lsfr12                         sfr12        0000
__Lsfr13                         sfr13        0000
__Lsfr14                         sfr14        0000
__Lsfr15                         sfr15        0000
__Lsfr16                         sfr16        0000
__Lsfr17                         sfr17        0000
__Lsfr18                         sfr18        0000
__Lsfr19                         sfr19        0000
__Lsfr2                          sfr2         0000
__Lsfr20                         sfr20        0000
__Lsfr21                         sfr21        0000
__Lsfr22                         sfr22        0000
__Lsfr23                         sfr23        0000
__Lsfr24                         sfr24        0000
__Lsfr25                         sfr25        0000
__Lsfr26                         sfr26        0000
__Lsfr27                         sfr27        0000
__Lsfr28                         sfr28        0000
__Lsfr29                         sfr29        0000
__Lsfr3                          sfr3         0000
__Lsfr30                         sfr30        0000
__Lsfr31                         sfr31        0000
__Lsfr4                          sfr4         0000
__Lsfr5                          sfr5         0000
__Lsfr6                          sfr6         0000
__Lsfr7                          sfr7         0000
__Lsfr8                          sfr8         0000
__Lsfr9                          sfr9         0000
__Lspace_0                       (abs)        0000
__Lspace_1                       (abs)        0000
__Lspace_2                       (abs)        0000
__Lspace_3                       (abs)        0000
__Lstack                         stack        0000
__Lstrings                       strings      0000
__Lstringtext1                   stringtext1  0000
__Ltext                          text         0000
__S0                             (abs)        03D5
__S1                             (abs)        00BA
__S2                             (abs)        0000
__S3                             (abs)        0000
___int_sp                        stack        0000
___latbits                       (abs)        0001
___lbdiv                         cinit        0127
___lbdiv@counter                 cstackCOMMON 0072
___lbdiv@dividend                cstackCOMMON 0071
___lbdiv@divisor                 cstackCOMMON 0070
___lbdiv@quotient                cstackCOMMON 0073
___lbmod                         cinit        013F
___lbmod@counter                 cstackCOMMON 0073
___lbmod@dividend                cstackCOMMON 0072
___lbmod@divisor                 cstackCOMMON 0070
___lbmod@rem                     cstackCOMMON 0074
___sp                            stack        0000
__dly_ms                         cinit        035F
__dly_ms@a                       cstackCOMMON 0073
__dly_ms@b                       cstackCOMMON 0074
__dly_ms@timer                   cstackCOMMON 0072
__dly_us                         cinit        02F3
__dly_us@Time                    cstackCOMMON 0070
__dly_us@a                       cstackCOMMON 0071
__end_ofPL10                     cinit        03B5
__end_ofPL12                     cinit        03BA
__end_ofPL14                     cinit        03BE
__end_ofPL16                     cinit        03C3
__end_ofPL2                      cinit        039B
__end_ofPL4                      cinit        03A3
__end_ofPL6                      cinit        03A9
__end_ofPL8                      cinit        03AF
__end_of_DispTable               stringtext1  03CF
__end_of_ISR                     intentry     001B
__end_of___lbdiv                 cinit        013F
__end_of___lbmod                 cinit        0157
__end_of__dly_ms                 cinit        0370
__end_of__dly_us                 cinit        02FC
__end_of__initialization         cinit        0036
__end_of_app_display_all         cinit        0127
__end_of_get_p_ext_int_status    cinit        0171
__end_of_i2c_chk_ack             cinit        038A
__end_of_i2c_readByte            cinit        0325
__end_of_i2c_send_nack           cinit        0333
__end_of_i2c_start               cinit        02F3
__end_of_i2c_stop                cinit        0309
__end_of_i2c_writeByte           cinit        02E3
__end_of_init_gpio               cinit        0196
__end_of_init_ip53xs             cinit        0290
__end_of_init_system_parameter   cinit        0350
__end_of_init_timer4             cinit        035F
__end_of_ip53xs_readByte         cinit        02B4
__end_of_ip53xs_writeByte        cinit        02C9
__end_of_main                    cinit        0089
__initialization                 cinit        001D
__pbitbssBANK0                   bitbssBANK0  0100
__pbitbssCOMMON                  bitbssCOMMON 03E8
__pbitnvBANK0                    bitnvBANK0   0368
__pbssBANK0                      bssBANK0     002A
__pbssBANK1                      bssBANK1     00A0
__pcstackCOMMON                  cstackCOMMON 0070
__pintentry                      intentry     0004
__pmaintext                      cinit        0039
__pnvBANK0                       nvBANK0      006E
__pnvBANK1                       nvBANK1      00B4
__pstringtext1                   stringtext1  03C3
__ptext1                         cinit        0350
__ptext10                        cinit        0325
__ptext11                        cinit        0309
__ptext12                        cinit        0171
__ptext13                        cinit        0157
__ptext14                        cinit        035F
__ptext15                        cinit        02F3
__ptext16                        cinit        0089
__ptext17                        cinit        013F
__ptext18                        cinit        0127
__ptext2                         cinit        0333
__ptext3                         cinit        0196
__ptext4                         cinit        02B4
__ptext5                         cinit        0290
__ptext6                         cinit        02C9
__ptext7                         cinit        0370
__ptext8                         cinit        02FC
__ptext9                         cinit        02E3
__size_of_ISR                    (abs)        0000
__size_of___lbdiv                (abs)        0000
__size_of___lbmod                (abs)        0000
__size_of__dly_ms                (abs)        0000
__size_of__dly_us                (abs)        0000
__size_of_app_display_all        (abs)        0000
__size_of_get_p_ext_int_status   (abs)        0000
__size_of_i2c_chk_ack            (abs)        0000
__size_of_i2c_readByte           (abs)        0000
__size_of_i2c_send_nack          (abs)        0000
__size_of_i2c_start              (abs)        0000
__size_of_i2c_stop               (abs)        0000
__size_of_i2c_writeByte          (abs)        0000
__size_of_init_gpio              (abs)        0000
__size_of_init_ip53xs            (abs)        0000
__size_of_init_system_parameter  (abs)        0000
__size_of_init_timer4            (abs)        0000
__size_of_ip53xs_readByte        (abs)        0000
__size_of_ip53xs_writeByte       (abs)        0000
__size_of_main                   (abs)        0000
_ack_status                      bssBANK0     0032
_ad_current_vout                 bssBANK1     00A6
_ad_i_input_output               bssBANK1     00A2
_ad_ntc                          bssBANK0     0030
_ad_offset_by_power              bssBANK0     002C
_ad_voltage_battery              bssBANK0     002E
_add_voltage_offset              bssBANK0     0069
_app_display_all                 cinit        0089
_bFlag_Bat_CC                    bitbssBANK0  013A
_bFlag_Calc_Coulomb_Counter      bitbssBANK0  0126
_bFlag_Timeslice_16ms            bitbssBANK0  0142
_bFlag_Timeslice_1ms             bitbssBANK0  0129
_bFlag_Timeslice_1sec            bitbssBANK0  0103
_bFlag_Timeslice_display         bitbssBANK0  0141
_bFlag_ad_ntc_update             bitbssBANK0  0131
_bFlag_ad_voltage_battery_update bitbssBANK0  0139
_bFlag_adjust_scp_ocp_4A5        bitbssBANK0  0120
_bFlag_adjust_scp_ocp_5A         bitbssBANK0  0121
_bFlag_all_led_is_off            bitbssBANK0  011C
_bFlag_bat_under_voltage         bitbssBANK0  0104
_bFlag_bat_vol_alarm             bitbssBANK0  0106
_bFlag_battery_is_low            bitbssBANK0  0130
_bFlag_blink                     bitbssBANK0  013F
_bFlag_bt_standby                bitbssBANK0  012C
_bFlag_cc_src_sink_ok            bitbssBANK0  0109
_bFlag_change_total_i_limit      bitbssBANK0  0110
_bFlag_charge_complete           bitbssBANK0  012D
_bFlag_charge_ext                bitbssBANK0  012A
_bFlag_charge_on                 bitbssCOMMON 03EC
_bFlag_charge_qc                 bitbssCOMMON 03EA
_bFlag_charging_from_empty       bitbssBANK0  0127
_bFlag_chg_or_dischg             bitbssCOMMON 03ED
_bFlag_derating_power_non_pd_9v  bitbssBANK0  0148
_bFlag_derating_power_temp_ex    bitbssBANK0  0113
_bFlag_disable_charge_on         bitbssBANK0  0116
_bFlag_disable_discharge_on      bitbssBANK0  0115
_bFlag_disable_quick_charge      bitbssBANK0  011A
_bFlag_disable_quick_discharge   bitbssBANK0  011B
_bFlag_disable_send_cmd          bitbssBANK0  013E
_bFlag_discharge_pd              bitbssBANK0  0145
_bFlag_discharge_qc              bitbssBANK0  0146
_bFlag_double_key                bitbssBANK0  0147
_bFlag_enable_charge             bitbssBANK0  0136
_bFlag_enable_discharge          bitbssBANK0  0135
_bFlag_gSysTick_change           bitbssCOMMON 03EE
_bFlag_in_scp_A3                 bitbssBANK0  0122
_bFlag_in_small_current_mode     bitbssCOMMON 03E9
_bFlag_init_battery_volume       bitnvBANK0   0368
_bFlag_init_ip5356               bitnvBANK0   036B
_bFlag_init_ip53xs               bitbssBANK0  012B
_bFlag_input_ovp                 bitbssBANK0  0119
_bFlag_input_voltage_5v          bitbssBANK0  0107
_bFlag_is_breathing_mode         bitbssBANK0  0138
_bFlag_is_exception_full         bitbssBANK0  0100
_bFlag_is_trickle_charge         bitbssBANK0  0128
_bFlag_isys_over_1A5             bitbssBANK0  013C
_bFlag_led_blue_always_on        bitbssBANK0  0140
_bFlag_light_load                bitbssBANK0  013B
_bFlag_light_load_left           bitbssBANK0  0102
_bFlag_light_load_right          bitbssBANK0  0101
_bFlag_multi_port                bitbssBANK0  010F
_bFlag_ocp                       bitbssBANK0  0118
_bFlag_ovp_in_pd_9v              bitbssBANK0  0144
_bFlag_p_ext_int_is_high         bitbssBANK0  013D
_bFlag_plus_in_12v               bitnvBANK0   036A
_bFlag_power_on                  bitnvBANK0   0369
_bFlag_reg0xFD_bitx              bitbssCOMMON 03EB
_bFlag_reverse                   bitbssBANK0  012E
_bFlag_short_circuit             bitbssBANK0  0117
_bFlag_shutdown_eta              bitbssBANK0  012F
_bFlag_sink_pd                   bitbssCOMMON 03E8
_bFlag_temp_alarm                bitbssBANK0  0137
_bFlag_temp_exception_chg        bitbssBANK0  0133
_bFlag_temp_exception_dischg     bitbssBANK0  0132
_bFlag_temp_exception_over_chg   bitbssBANK0  0134
_bFlag_trel_over_7v              bitbssBANK0  010E
_bFlag_typec_in                  bitbssBANK0  011F
_bFlag_under_3v3                 bitbssBANK0  0143
_bFlag_under_3v5_derating_power  bitbssBANK0  0111
_bFlag_under_voltage             bitbssBANK0  0105
_bFlag_usb_a1_in                 bitbssBANK0  011E
_bFlag_usb_a2_in                 bitbssBANK0  011D
_bFlag_v_chg_12v                 bitbssBANK0  010A
_bFlag_v_chg_5v                  bitbssBANK0  010D
_bFlag_v_chg_7v                  bitbssBANK0  010C
_bFlag_v_chg_9v                  bitbssBANK0  010B
_bFlag_vol_bat_over_4v           bitbssBANK0  0114
_bFlag_vol_bat_under_3v5         bitbssBANK0  0112
_bFlag_vsys_over_12v8            bitbssBANK0  0124
_bFlag_vsys_over_6v3             bitbssBANK0  0125
_bFlag_vsys_under_4v5            bitbssBANK0  0123
_bFlag_vsys_under_4v75           bitbssBANK0  0108
_battery_volume_voltage          bssBANK0     0055
_cc_dcp_mode                     bssBANK0     0066
_compareTimer                    bssBANK0     0047
_counter_dl                      bssBANK0     0063
_counter_gl                      bssBANK0     0062
_counter_isys_big                bssBANK0     0067
_counter_isys_small              bssBANK0     0068
_current_battery                 bssBANK1     00B0
_default_power                   bssBANK0     004F
_delaySleepTimer                 nvBANK1      00B4
_derating_power_mode             bssBANK0     004E
_dispTimer                       bssBANK0     0039
_dispTimerFull                   bssBANK0     0038
_dispTimerUnderVoltage           bssBANK0     0037
_displayData                     bssBANK0     0049
_displayDataLast                 bssBANK0     005E
_displayDecade                   bssBANK0     003B
_displayDigit                    bssBANK0     003A
_displayHundred                  bssBANK0     003C
_display_cycle                   nvBANK1      00B6
_display_timer_10minutes         bssBANK1     00A0
_display_timer_mask              bssBANK0     0045
_dl_timer_out                    bssBANK0     0057
_forceDispTimer                  nvBANK0      006E
_gSysTick                        bssBANK0     002A
_gSysTickCurrent                 bssBANK1     00B2
_g_counter_1sec                  bssBANK0     0060
_g_counter_cc                    bssBANK0     0061
_gcounter                        bssBANK0     0040
_get_p_ext_int_status            cinit        0157
_gl_timer_out                    bssBANK0     0058
_gpioKeyState                    bssBANK0     003E
_gpioKeyWaitTimer                bssBANK0     003D
_i2c_chk_ack                     cinit        0370
_i2c_readByte                    cinit        0309
_i2c_send_nack                   cinit        0325
_i2c_start                       cinit        02E3
_i2c_stop                        cinit        02FC
_i2c_writeByte                   cinit        02C9
_i_charge                        bssBANK1     00AE
_i_discharge                     bssBANK1     00AC
_idexSum                         bssBANK0     0064
_indicator_light_mode            nvBANK1      00B9
_init_gpio                       cinit        0171
_init_ip53xs                     cinit        0196
_init_system_parameter           cinit        0333
_init_timer4                     cinit        0350
_ip53xs_readByte                 cinit        0290
_ip53xs_writeByte                cinit        02B4
_isys_grade                      bssBANK0     006B
_last_cc_dcp_mode                bssBANK0     0065
_last_isys_grade                 bssBANK0     006A
_ledDispTimer                    nvBANK1      00B8
_main                            cinit        0039
_restore_chg_iset_vbus12v        bssBANK0     004A
_restore_chg_iset_vbus5v         bssBANK0     004C
_restore_chg_iset_vbus9v         bssBANK0     004B
_restore_power                   bssBANK0     0054
_restore_reg0x29                 bssBANK0     0050
_restore_reg0x86                 bssBANK0     005D
_restore_reg0xA6                 bssBANK0     005C
_restore_reg0xAC                 bssBANK0     005B
_restore_reg0xBB                 bssBANK0     005A
_restore_reg0xb1                 bssBANK0     0053
_restore_reg0xb5                 bssBANK0     0052
_restore_reg0xb9                 bssBANK0     0051
_sendTimer                       bssBANK0     0046
_system_current                  bssBANK1     00A8
_system_voltage                  bssBANK1     00AA
_timer_30_seconds                bssBANK0     0044
_timer_chg_minimum               bssBANK0     0043
_timer_derating_power            bssBANK0     0034
_timer_dischg_minimum            bssBANK0     0042
_timer_display_full              bssBANK0     005F
_timer_display_slice_16ms        bssBANK0     0059
_timer_dly_chk_ovp               bssBANK0     0048
_timer_dly_chk_vsys              bssBANK0     004D
_timer_get_ip53xs_status         bssBANK0     003F
_timer_led4_display              bssBANK0     0041
_underVoltageDispTimer           bssBANK0     006C
_under_voltage_timer_out         bssBANK0     0056
_v_input_output                  bssBANK1     00A4
app_display_all@i                cstackCOMMON 0076
app_display_all@j                cstackCOMMON 0075
btemp                            (abs)        007E
clear_ram0                       clrtext      03CF
end_of_initialization            cinit        0036
get_p_ext_int_status@counter     bssBANK0     0036
i2c_chk_ack@getAckTime           cstackCOMMON 0072
i2c_readByte@i                   cstackCOMMON 0072
i2c_readByte@readByte            cstackCOMMON 0073
i2c_writeByte@i                  cstackCOMMON 0074
i2c_writeByte@sendByte           cstackCOMMON 0073
init_ip53xs@Temp2                cstackCOMMON 0079
init_ip53xs@reg_ip53xs           cstackCOMMON 007A
int$flags                        (abs)        007E
intlevel0                        functab      0000
intlevel1                        functab      0000
intlevel2                        functab      0000
intlevel3                        functab      0000
intlevel4                        functab      0000
intlevel5                        functab      0000
ip53xs_readByte@deviceAddr       cstackCOMMON 0077
ip53xs_readByte@readByte         cstackCOMMON 0076
ip53xs_readByte@regAddr          cstackCOMMON 0075
ip53xs_writeByte@deviceAddr      cstackCOMMON 0077
ip53xs_writeByte@regAddr         cstackCOMMON 0075
ip53xs_writeByte@sendByte        cstackCOMMON 0076
reset_vec                        reset_vec    0000
stackhi                          (abs)        21EF
stacklo                          (abs)        206A
start                            init         001B
start_initialization             cinit        001D
wtemp0                           (abs)        007E


FUNCTION INFORMATION:

 *************** function _main *****************
 Defined at:
		line 36 in file "powerBank.c"
 Parameters:    Size  Location     Type
		None
 Auto vars:     Size  Location     Type
		None
 Return value:  Size  Location     Type
                  1    wreg      void 
 Registers used:
		wreg, fsr0l, fsr0h, status,2, status,0, pclath, cstack
 Tracked objects:
		On entry : 
		On exit  : 
		Unchanged: 
 Data sizes:     COMMON   BANK0   BANK1   BANK2   BANK3   BANK4   BANK5   BANK6
      Params:         0       0       0       0       0       0       0       0
      Locals:         0       0       0       0       0       0       0       0
      Temps:          2       0       0       0       0       0       0       0
      Totals:         2       0       0       0       0       0       0       0
Total ram usage:        2 bytes
 Hardware stack levels required when called:    6
 This function calls:
		_app_display_all
		_get_p_ext_int_status
		_init_gpio
		_init_ip53xs
		_init_system_parameter
		_init_timer4
 This function is called by:
		Startup code after reset
 This function uses a non-reentrant model


 *************** function _init_timer4 *****************
 Defined at:
		line 101 in file "app_global.c"
 Parameters:    Size  Location     Type
		None
 Auto vars:     Size  Location     Type
		None
 Return value:  Size  Location     Type
                  1    wreg      void 
 Registers used:
		wreg, status,2
 Tracked objects:
		On entry : 
		On exit  : 
		Unchanged: 
 Data sizes:     COMMON   BANK0   BANK1   BANK2   BANK3   BANK4   BANK5   BANK6
      Params:         0       0       0       0       0       0       0       0
      Locals:         0       0       0       0       0       0       0       0
      Temps:          0       0       0       0       0       0       0       0
      Totals:         0       0       0       0       0       0       0       0
Total ram usage:        0 bytes
 Hardware stack levels used:    1
 Hardware stack levels required when called:    1
 This function calls:
		Nothing
 This function is called by:
		_main
 This function uses a non-reentrant model


 *************** function _init_system_parameter *****************
 Defined at:
		line 176 in file "app_global.c"
 Parameters:    Size  Location     Type
		None
 Auto vars:     Size  Location     Type
		None
 Return value:  Size  Location     Type
                  1    wreg      void 
 Registers used:
		wreg, status,2
 Tracked objects:
		On entry : 
		On exit  : 
		Unchanged: 
 Data sizes:     COMMON   BANK0   BANK1   BANK2   BANK3   BANK4   BANK5   BANK6
      Params:         0       0       0       0       0       0       0       0
      Locals:         0       0       0       0       0       0       0       0
      Temps:          0       0       0       0       0       0       0       0
      Totals:         0       0       0       0       0       0       0       0
Total ram usage:        0 bytes
 Hardware stack levels used:    1
 Hardware stack levels required when called:    1
 This function calls:
		Nothing
 This function is called by:
		_main
 This function uses a non-reentrant model


 *************** function _init_ip53xs *****************
 Defined at:
		line 1162 in file "app_bms_ip53xs.c"
 Parameters:    Size  Location     Type
		None
 Auto vars:     Size  Location     Type
  reg_ip53xs      1   10[COMMON] unsigned char 
  Temp2           1    9[COMMON] unsigned char 
 Return value:  Size  Location     Type
                  1    wreg      void 
 Registers used:
		wreg, status,2, status,0, pclath, cstack
 Tracked objects:
		On entry : 
		On exit  : 
		Unchanged: 
 Data sizes:     COMMON   BANK0   BANK1   BANK2   BANK3   BANK4   BANK5   BANK6
      Params:         0       0       0       0       0       0       0       0
      Locals:         2       0       0       0       0       0       0       0
      Temps:          1       0       0       0       0       0       0       0
      Totals:         3       0       0       0       0       0       0       0
Total ram usage:        3 bytes
 Hardware stack levels used:    1
 Hardware stack levels required when called:    5
 This function calls:
		_ip53xs_readByte
		_ip53xs_writeByte
 This function is called by:
		_main
 This function uses a non-reentrant model


 *************** function _ip53xs_writeByte *****************
 Defined at:
		line 24 in file "bsp_ip53xs.c"
 Parameters:    Size  Location     Type
  deviceAddr      1    wreg     unsigned char 
  regAddr         1    5[COMMON] unsigned char 
  sendByte        1    6[COMMON] unsigned char 
 Auto vars:     Size  Location     Type
  deviceAddr      1    7[COMMON] unsigned char 
 Return value:  Size  Location     Type
                  1    wreg      unsigned char 
 Registers used:
		wreg, status,2, status,0, pclath, cstack
 Tracked objects:
		On entry : 
		On exit  : 
		Unchanged: 
 Data sizes:     COMMON   BANK0   BANK1   BANK2   BANK3   BANK4   BANK5   BANK6
      Params:         2       0       0       0       0       0       0       0
      Locals:         1       0       0       0       0       0       0       0
      Temps:          0       0       0       0       0       0       0       0
      Totals:         3       0       0       0       0       0       0       0
Total ram usage:        3 bytes
 Hardware stack levels used:    1
 Hardware stack levels required when called:    4
 This function calls:
		_i2c_start
		_i2c_stop
		_i2c_writeByte
 This function is called by:
		_init_ip53xs
 This function uses a non-reentrant model


 *************** function _ip53xs_readByte *****************
 Defined at:
		line 54 in file "bsp_ip53xs.c"
 Parameters:    Size  Location     Type
  deviceAddr      1    wreg     unsigned char 
  regAddr         1    5[COMMON] unsigned char 
 Auto vars:     Size  Location     Type
  deviceAddr      1    7[COMMON] unsigned char 
  readByte        1    6[COMMON] unsigned char 
 Return value:  Size  Location     Type
                  1    wreg      unsigned char 
 Registers used:
		wreg, status,2, status,0, pclath, cstack
 Tracked objects:
		On entry : 
		On exit  : 
		Unchanged: 
 Data sizes:     COMMON   BANK0   BANK1   BANK2   BANK3   BANK4   BANK5   BANK6
      Params:         1       0       0       0       0       0       0       0
      Locals:         2       0       0       0       0       0       0       0
      Temps:          0       0       0       0       0       0       0       0
      Totals:         3       0       0       0       0       0       0       0
Total ram usage:        3 bytes
 Hardware stack levels used:    1
 Hardware stack levels required when called:    4
 This function calls:
		_i2c_readByte
		_i2c_send_nack
		_i2c_start
		_i2c_stop
		_i2c_writeByte
 This function is called by:
		_init_ip53xs
 This function uses a non-reentrant model


 *************** function _i2c_writeByte *****************
 Defined at:
		line 88 in file "bsp_i2c.c"
 Parameters:    Size  Location     Type
  sendByte        1    wreg     unsigned char 
 Auto vars:     Size  Location     Type
  sendByte        1    3[COMMON] unsigned char 
  i               1    4[COMMON] unsigned char 
 Return value:  Size  Location     Type
                  1    wreg      unsigned char 
 Registers used:
		wreg, status,2, status,0, pclath, cstack
 Tracked objects:
		On entry : 
		On exit  : 
		Unchanged: 
 Data sizes:     COMMON   BANK0   BANK1   BANK2   BANK3   BANK4   BANK5   BANK6
      Params:         0       0       0       0       0       0       0       0
      Locals:         2       0       0       0       0       0       0       0
      Temps:          0       0       0       0       0       0       0       0
      Totals:         2       0       0       0       0       0       0       0
Total ram usage:        2 bytes
 Hardware stack levels used:    1
 Hardware stack levels required when called:    3
 This function calls:
		__dly_us
		_i2c_chk_ack
 This function is called by:
		_ip53xs_writeByte
		_ip53xs_readByte
 This function uses a non-reentrant model


 *************** function _i2c_chk_ack *****************
 Defined at:
		line 40 in file "bsp_i2c.c"
 Parameters:    Size  Location     Type
		None
 Auto vars:     Size  Location     Type
  getAckTime      1    2[COMMON] unsigned char 
 Return value:  Size  Location     Type
                  1    wreg      unsigned char 
 Registers used:
		wreg, status,2, status,0, pclath, cstack
 Tracked objects:
		On entry : 
		On exit  : 
		Unchanged: 
 Data sizes:     COMMON   BANK0   BANK1   BANK2   BANK3   BANK4   BANK5   BANK6
      Params:         0       0       0       0       0       0       0       0
      Locals:         1       0       0       0       0       0       0       0
      Temps:          0       0       0       0       0       0       0       0
      Totals:         1       0       0       0       0       0       0       0
Total ram usage:        1 bytes
 Hardware stack levels used:    1
 Hardware stack levels required when called:    2
 This function calls:
		__dly_us
 This function is called by:
		_i2c_writeByte
 This function uses a non-reentrant model


 *************** function _i2c_stop *****************
 Defined at:
		line 29 in file "bsp_i2c.c"
 Parameters:    Size  Location     Type
		None
 Auto vars:     Size  Location     Type
		None
 Return value:  Size  Location     Type
                  1    wreg      void 
 Registers used:
		wreg, status,2, status,0, pclath, cstack
 Tracked objects:
		On entry : 
		On exit  : 
		Unchanged: 
 Data sizes:     COMMON   BANK0   BANK1   BANK2   BANK3   BANK4   BANK5   BANK6
      Params:         0       0       0       0       0       0       0       0
      Locals:         0       0       0       0       0       0       0       0
      Temps:          0       0       0       0       0       0       0       0
      Totals:         0       0       0       0       0       0       0       0
Total ram usage:        0 bytes
 Hardware stack levels used:    1
 Hardware stack levels required when called:    2
 This function calls:
		__dly_us
 This function is called by:
		_ip53xs_writeByte
		_ip53xs_readByte
 This function uses a non-reentrant model


 *************** function _i2c_start *****************
 Defined at:
		line 16 in file "bsp_i2c.c"
 Parameters:    Size  Location     Type
		None
 Auto vars:     Size  Location     Type
		None
 Return value:  Size  Location     Type
                  1    wreg      void 
 Registers used:
		wreg, status,2, status,0, pclath, cstack
 Tracked objects:
		On entry : 
		On exit  : 
		Unchanged: 
 Data sizes:     COMMON   BANK0   BANK1   BANK2   BANK3   BANK4   BANK5   BANK6
      Params:         0       0       0       0       0       0       0       0
      Locals:         0       0       0       0       0       0       0       0
      Temps:          0       0       0       0       0       0       0       0
      Totals:         0       0       0       0       0       0       0       0
Total ram usage:        0 bytes
 Hardware stack levels used:    1
 Hardware stack levels required when called:    2
 This function calls:
		__dly_us
 This function is called by:
		_ip53xs_writeByte
		_ip53xs_readByte
 This function uses a non-reentrant model


 *************** function _i2c_send_nack *****************
 Defined at:
		line 77 in file "bsp_i2c.c"
 Parameters:    Size  Location     Type
		None
 Auto vars:     Size  Location     Type
		None
 Return value:  Size  Location     Type
                  1    wreg      void 
 Registers used:
		wreg, status,2, status,0, pclath, cstack
 Tracked objects:
		On entry : 
		On exit  : 
		Unchanged: 
 Data sizes:     COMMON   BANK0   BANK1   BANK2   BANK3   BANK4   BANK5   BANK6
      Params:         0       0       0       0       0       0       0       0
      Locals:         0       0       0       0       0       0       0       0
      Temps:          0       0       0       0       0       0       0       0
      Totals:         0       0       0       0       0       0       0       0
Total ram usage:        0 bytes
 Hardware stack levels used:    1
 Hardware stack levels required when called:    2
 This function calls:
		__dly_us
 This function is called by:
		_ip53xs_readByte
 This function uses a non-reentrant model


 *************** function _i2c_readByte *****************
 Defined at:
		line 121 in file "bsp_i2c.c"
 Parameters:    Size  Location     Type
		None
 Auto vars:     Size  Location     Type
  readByte        1    3[COMMON] unsigned char 
  i               1    2[COMMON] unsigned char 
 Return value:  Size  Location     Type
                  1    wreg      unsigned char 
 Registers used:
		wreg, status,2, status,0, pclath, cstack
 Tracked objects:
		On entry : 
		On exit  : 
		Unchanged: 
 Data sizes:     COMMON   BANK0   BANK1   BANK2   BANK3   BANK4   BANK5   BANK6
      Params:         0       0       0       0       0       0       0       0
      Locals:         2       0       0       0       0       0       0       0
      Temps:          0       0       0       0       0       0       0       0
      Totals:         2       0       0       0       0       0       0       0
Total ram usage:        2 bytes
 Hardware stack levels used:    1
 Hardware stack levels required when called:    2
 This function calls:
		__dly_us
 This function is called by:
		_ip53xs_readByte
 This function uses a non-reentrant model


 *************** function _init_gpio *****************
 Defined at:
		line 59 in file "app_global.c"
 Parameters:    Size  Location     Type
		None
 Auto vars:     Size  Location     Type
		None
 Return value:  Size  Location     Type
                  1    wreg      void 
 Registers used:
		wreg, status,2
 Tracked objects:
		On entry : 
		On exit  : 
		Unchanged: 
 Data sizes:     COMMON   BANK0   BANK1   BANK2   BANK3   BANK4   BANK5   BANK6
      Params:         0       0       0       0       0       0       0       0
      Locals:         0       0       0       0       0       0       0       0
      Temps:          0       0       0       0       0       0       0       0
      Totals:         0       0       0       0       0       0       0       0
Total ram usage:        0 bytes
 Hardware stack levels used:    1
 Hardware stack levels required when called:    1
 This function calls:
		Nothing
 This function is called by:
		_main
 This function uses a non-reentrant model


 *************** function _get_p_ext_int_status *****************
 Defined at:
		line 1024 in file "app_bms_ip53xs.c"
 Parameters:    Size  Location     Type
		None
 Auto vars:     Size  Location     Type
		None
 Return value:  Size  Location     Type
                  1    wreg      void 
 Registers used:
		wreg, status,2, status,0, pclath, cstack
 Tracked objects:
		On entry : 
		On exit  : 
		Unchanged: 
 Data sizes:     COMMON   BANK0   BANK1   BANK2   BANK3   BANK4   BANK5   BANK6
      Params:         0       0       0       0       0       0       0       0
      Locals:         0       0       0       0       0       0       0       0
      Temps:          0       0       0       0       0       0       0       0
      Totals:         0       0       0       0       0       0       0       0
Total ram usage:        0 bytes
 Hardware stack levels used:    1
 Hardware stack levels required when called:    3
 This function calls:
		__dly_ms
 This function is called by:
		_main
 This function uses a non-reentrant model


 *************** function __dly_ms *****************
 Defined at:
		line 25 in file "app_global.c"
 Parameters:    Size  Location     Type
  timer           1    wreg     unsigned char 
 Auto vars:     Size  Location     Type
  timer           1    2[COMMON] unsigned char 
  b               1    4[COMMON] unsigned char 
  a               1    3[COMMON] unsigned char 
 Return value:  Size  Location     Type
                  1    wreg      void 
 Registers used:
		wreg, status,2, status,0, pclath, cstack
 Tracked objects:
		On entry : 
		On exit  : 
		Unchanged: 
 Data sizes:     COMMON   BANK0   BANK1   BANK2   BANK3   BANK4   BANK5   BANK6
      Params:         0       0       0       0       0       0       0       0
      Locals:         3       0       0       0       0       0       0       0
      Temps:          0       0       0       0       0       0       0       0
      Totals:         3       0       0       0       0       0       0       0
Total ram usage:        3 bytes
 Hardware stack levels used:    1
 Hardware stack levels required when called:    2
 This function calls:
		__dly_us
 This function is called by:
		_get_p_ext_int_status
 This function uses a non-reentrant model


 *************** function __dly_us *****************
 Defined at:
		line 17 in file "app_global.c"
 Parameters:    Size  Location     Type
  Time            1    wreg     unsigned char 
 Auto vars:     Size  Location     Type
  Time            1    0[COMMON] unsigned char 
  a               1    1[COMMON] unsigned char 
 Return value:  Size  Location     Type
                  1    wreg      void 
 Registers used:
		wreg, status,2, status,0
 Tracked objects:
		On entry : 
		On exit  : 
		Unchanged: 
 Data sizes:     COMMON   BANK0   BANK1   BANK2   BANK3   BANK4   BANK5   BANK6
      Params:         0       0       0       0       0       0       0       0
      Locals:         2       0       0       0       0       0       0       0
      Temps:          0       0       0       0       0       0       0       0
      Totals:         2       0       0       0       0       0       0       0
Total ram usage:        2 bytes
 Hardware stack levels used:    1
 Hardware stack levels required when called:    1
 This function calls:
		Nothing
 This function is called by:
		__dly_ms
		_i2c_start
		_i2c_stop
		_i2c_chk_ack
		_i2c_send_nack
		_i2c_writeByte
		_i2c_readByte
 This function uses a non-reentrant model


 *************** function _app_display_all *****************
 Defined at:
		line 64 in file "app_display.c"
 Parameters:    Size  Location     Type
		None
 Auto vars:     Size  Location     Type
  i               1    6[COMMON] unsigned char 
  j               1    5[COMMON] unsigned char 
 Return value:  Size  Location     Type
                  1    wreg      void 
 Registers used:
		wreg, fsr0l, fsr0h, status,2, status,0, pclath, cstack
 Tracked objects:
		On entry : 
		On exit  : 
		Unchanged: 
 Data sizes:     COMMON   BANK0   BANK1   BANK2   BANK3   BANK4   BANK5   BANK6
      Params:         0       0       0       0       0       0       0       0
      Locals:         2       0       0       0       0       0       0       0
      Temps:          0       0       0       0       0       0       0       0
      Totals:         2       0       0       0       0       0       0       0
Total ram usage:        2 bytes
 Hardware stack levels used:    1
 Hardware stack levels required when called:    2
 This function calls:
		___lbdiv
		___lbmod
 This function is called by:
		_main
 This function uses a non-reentrant model


 *************** function ___lbmod *****************
 Defined at:
		line 4 in file "C:\Program Files (x86)\CCompiler\Compiler\data\sources\common\lbmod.c"
 Parameters:    Size  Location     Type
  dividend        1    wreg     unsigned char 
  divisor         1    0[COMMON] unsigned char 
 Auto vars:     Size  Location     Type
  dividend        1    2[COMMON] unsigned char 
  rem             1    4[COMMON] unsigned char 
  counter         1    3[COMMON] unsigned char 
 Return value:  Size  Location     Type
                  1    wreg      unsigned char 
 Registers used:
		wreg, status,2, status,0
 Tracked objects:
		On entry : 
		On exit  : 
		Unchanged: 
 Data sizes:     COMMON   BANK0   BANK1   BANK2   BANK3   BANK4   BANK5   BANK6
      Params:         1       0       0       0       0       0       0       0
      Locals:         3       0       0       0       0       0       0       0
      Temps:          1       0       0       0       0       0       0       0
      Totals:         5       0       0       0       0       0       0       0
Total ram usage:        5 bytes
 Hardware stack levels used:    1
 Hardware stack levels required when called:    1
 This function calls:
		Nothing
 This function is called by:
		_app_display_all
 This function uses a non-reentrant model


 *************** function ___lbdiv *****************
 Defined at:
		line 4 in file "C:\Program Files (x86)\CCompiler\Compiler\data\sources\common\lbdiv.c"
 Parameters:    Size  Location     Type
  dividend        1    wreg     unsigned char 
  divisor         1    0[COMMON] unsigned char 
 Auto vars:     Size  Location     Type
  dividend        1    1[COMMON] unsigned char 
  quotient        1    3[COMMON] unsigned char 
  counter         1    2[COMMON] unsigned char 
 Return value:  Size  Location     Type
                  1    wreg      unsigned char 
 Registers used:
		wreg, status,2, status,0
 Tracked objects:
		On entry : 
		On exit  : 
		Unchanged: 
 Data sizes:     COMMON   BANK0   BANK1   BANK2   BANK3   BANK4   BANK5   BANK6
      Params:         1       0       0       0       0       0       0       0
      Locals:         3       0       0       0       0       0       0       0
      Temps:          0       0       0       0       0       0       0       0
      Totals:         4       0       0       0       0       0       0       0
Total ram usage:        4 bytes
 Hardware stack levels used:    1
 Hardware stack levels required when called:    1
 This function calls:
		Nothing
 This function is called by:
		_app_display_all
 This function uses a non-reentrant model


 *************** function _ISR *****************
 Defined at:
		line 224 in file "powerBank.c"
 Parameters:    Size  Location     Type
		None
 Auto vars:     Size  Location     Type
		None
 Return value:  Size  Location     Type
                  1    wreg      void 
 Registers used:
		wreg, status,2, status,0
 Tracked objects:
		On entry : 
		On exit  : 
		Unchanged: 
 Data sizes:     COMMON   BANK0   BANK1   BANK2   BANK3   BANK4   BANK5   BANK6
      Params:         0       0       0       0       0       0       0       0
      Locals:         0       0       0       0       0       0       0       0
      Temps:          0       0       0       0       0       0       0       0
      Totals:         0       0       0       0       0       0       0       0
Total ram usage:        0 bytes
 Hardware stack levels used:    1
 This function calls:
		Nothing
 This function is called by:
		Interrupt level 1
 This function uses a non-reentrant model



MODULE INFORMATION

Module		Function		Class		Link	Load	Size
C:\Program Files (x86)\CCompiler\Compiler\data\sources\common\lbmod.c
		___lbmod       		CODE           	013F	0000	25

C:\Program Files (x86)\CCompiler\Compiler\data\sources\common\lbmod.c estimated size: 25

bsp_ip53xs.c
		_ip53xs_readByte		CODE           	0290	0000	37
		_ip53xs_writeByte		CODE           	02B4	0000	22

bsp_ip53xs.c estimated size: 59

bsp_i2c.c
		_i2c_send_nack 		CODE           	0325	0000	15
		_i2c_start     		CODE           	02E3	0000	17
		_i2c_chk_ack   		CODE           	0370	0000	27
		_i2c_stop      		CODE           	02FC	0000	14
		_i2c_writeByte 		CODE           	02C9	0000	27
		_i2c_readByte  		CODE           	0309	0000	29

bsp_i2c.c estimated size: 129

app_global.c
		__dly_ms       		CODE           	035F	0000	18
		_init_timer4   		CODE           	0350	0000	16
		_init_gpio     		CODE           	0171	0000	38
		_init_system_parameter		CODE           	0333	0000	30
		__dly_us       		CODE           	02F3	0000	10

app_global.c estimated size: 112

powerBank.c
		_ISR           		CODE           	0004	0000	24
		_main          		CODE           	0039	0000	81

powerBank.c estimated size: 105

C:\Program Files (x86)\CCompiler\Compiler\data\sources\common\lbdiv.c
		___lbdiv       		CODE           	0127	0000	25

C:\Program Files (x86)\CCompiler\Compiler\data\sources\common\lbdiv.c estimated size: 25

app_display.c
		_app_display_all		CODE           	0089	0000	159

app_display.c estimated size: 159

shared
		PL12           		CODE           	03B5	0000	6
		PL8            		CODE           	03A9	0000	7
		PL14           		CODE           	03BA	0000	5
		PL16           		CODE           	03BE	0000	6
		__initialization		CODE           	001D	0000	26
		_DispTable     		STRCODE        	03C3	0000	13
		PL2            		CODE           	038A	0000	18
		PL10           		CODE           	03AF	0000	7
		PL4            		CODE           	039B	0000	9
		PL6            		CODE           	03A3	0000	7

shared estimated size: 104

app_bms_ip53xs.c
		_init_ip53xs   		CODE           	0196	0000	251
		_get_p_ext_int_status		CODE           	0157	0000	27

app_bms_ip53xs.c estimated size: 278

